[INFO] Scanning for projects...
[INFO] 
[INFO] --------------------------< com.myweb:myweb >---------------------------
[INFO] Building myweb 0.0.1-SNAPSHOT
[INFO]   from pom.xml
[INFO] --------------------------------[ jar ]---------------------------------
[INFO] 
[INFO] --- resources:3.3.1:resources (default-resources) @ myweb ---
[INFO] Copying 1 resource from src\main\resources to target\classes
[INFO] Copying 26 resources from src\main\resources to target\classes
[INFO] 
[INFO] --- compiler:3.11.0:compile (default-compile) @ myweb ---
[INFO] Changes detected - recompiling the module! :source
[INFO] Compiling 98 source files with javac [debug release 17] to target\classes
[INFO] ------------------------------------------------------------------------
[INFO] BUILD SUCCESS
[INFO] ------------------------------------------------------------------------
[INFO] Total time:  14.858 s
[INFO] Finished at: 2026-04-03T19:19:36Z
[INFO] ------------------------------------------------------------------------
